---
http_interactions:
- request:
    method: post
    uri: https://192.168.59.103:2376/v1.15/build
    body:
      encoding: US-ASCII
      string: ''
    headers:
      User-Agent:
      - Swipely/Docker-API 1.15.0
      Content-Type:
      - application/tar
      Transfer-Encoding:
      - chunked
      X-Registry-Config:
      - eyJjb25maWdzIjp7IiI6eyJ1c2VybmFtZSI6IiIsInBhc3N3b3JkIjoiIiwiZW1haWwiOiIifX19
  response:
    status:
      code: 200
      message: 
    headers:
      Content-Type:
      - application/json
      Date:
      - Tue, 25 Nov 2014 02:50:20 GMT
    body:
      encoding: UTF-8
      string: "{\"stream\":\"Step 0 : FROM debian:wheezy\\n\"}\r\n{\"stream\":\" ---\\u003e
        f6fab3b798be\\n\"}\r\n{\"stream\":\"Step 1 : RUN printf '#! /bin/sh\\\\nwhile
        true\\\\ndo\\\\ntrue\\\\ndone\\\\n' \\u003e /while \\u0026\\u0026 chmod +x
        /while\\n\"}\r\n{\"stream\":\" ---\\u003e Running in 8982f8d74e3e\\n\"}\r\n{\"stream\":\"
        ---\\u003e df8d34f58f1a\\n\"}\r\n{\"stream\":\"Removing intermediate container
        8982f8d74e3e\\n\"}\r\n{\"stream\":\"Successfully built df8d34f58f1a\\n\"}\r\n"
    http_version: 
  recorded_at: Tue, 25 Nov 2014 02:50:20 GMT
- request:
    method: post
    uri: https://192.168.59.103:2376/v1.15/containers/create
    body:
      encoding: UTF-8
      string: '{"Image":"df8d34f58f1a","Cmd":["/while"]}'
    headers:
      User-Agent:
      - Swipely/Docker-API 1.15.0
      Content-Type:
      - application/json
  response:
    status:
      code: 201
      message: 
    headers:
      Content-Type:
      - application/json
      Date:
      - Tue, 25 Nov 2014 02:50:21 GMT
      Content-Length:
      - '90'
    body:
      encoding: UTF-8
      string: |
        {"Id":"2772dcc751f34d7676a22a203850a7a174e89443664a373c70ee85e5e9c33601","Warnings":null}
    http_version: 
  recorded_at: Tue, 25 Nov 2014 02:50:20 GMT
- request:
    method: post
    uri: https://192.168.59.103:2376/v1.15/containers/2772dcc751f34d7676a22a203850a7a174e89443664a373c70ee85e5e9c33601/start
    body:
      encoding: UTF-8
      string: "{}"
    headers:
      User-Agent:
      - Swipely/Docker-API 1.15.0
      Content-Type:
      - application/json
  response:
    status:
      code: 204
      message: 
    headers:
      Date:
      - Tue, 25 Nov 2014 02:50:22 GMT
    body:
      encoding: UTF-8
      string: ''
    http_version: 
  recorded_at: Tue, 25 Nov 2014 02:50:21 GMT
- request:
    method: get
    uri: https://192.168.59.103:2376/v1.15/containers/2772dcc751f34d7676a22a203850a7a174e89443664a373c70ee85e5e9c33601/top
    body:
      encoding: US-ASCII
      string: ''
    headers:
      User-Agent:
      - Swipely/Docker-API 1.15.0
      Content-Type:
      - text/plain
  response:
    status:
      code: 200
      message: 
    headers:
      Content-Type:
      - application/json
      Date:
      - Tue, 25 Nov 2014 02:50:23 GMT
      Content-Length:
      - '92'
    body:
      encoding: UTF-8
      string: |
        {"Processes":[["14340","root","{while} /bin/sh /while"]],"Titles":["PID","USER","COMMAND"]}
    http_version: 
  recorded_at: Tue, 25 Nov 2014 02:50:22 GMT
- request:
    method: post
    uri: https://192.168.59.103:2376/v1.15/containers/2772dcc751f34d7676a22a203850a7a174e89443664a373c70ee85e5e9c33601/kill
    body:
      encoding: US-ASCII
      string: ''
    headers:
      User-Agent:
      - Swipely/Docker-API 1.15.0
      Content-Type:
      - text/plain
  response:
    status:
      code: 204
      message: 
    headers:
      Date:
      - Tue, 25 Nov 2014 02:50:23 GMT
    body:
      encoding: UTF-8
      string: ''
    http_version: 
  recorded_at: Tue, 25 Nov 2014 02:50:22 GMT
- request:
    method: delete
    uri: https://192.168.59.103:2376/v1.15/containers/2772dcc751f34d7676a22a203850a7a174e89443664a373c70ee85e5e9c33601
    body:
      encoding: US-ASCII
      string: ''
    headers:
      User-Agent:
      - Swipely/Docker-API 1.15.0
      Content-Type:
      - text/plain
  response:
    status:
      code: 204
      message: 
    headers:
      Date:
      - Tue, 25 Nov 2014 02:50:23 GMT
    body:
      encoding: UTF-8
      string: ''
    http_version: 
  recorded_at: Tue, 25 Nov 2014 02:50:22 GMT
- request:
    method: delete
    uri: https://192.168.59.103:2376/v1.15/images/df8d34f58f1a
    body:
      encoding: US-ASCII
      string: ''
    headers:
      User-Agent:
      - Swipely/Docker-API 1.15.0
      Content-Type:
      - text/plain
  response:
    status:
      code: 200
      message: 
    headers:
      Content-Type:
      - application/json
      Date:
      - Tue, 25 Nov 2014 02:50:23 GMT
      Content-Length:
      - '81'
    body:
      encoding: UTF-8
      string: |-
        [{"Deleted":"df8d34f58f1a4a4c5640d07774f53597e2d83b55832bbab8a41b7e52b4cd6781"}
        ]
    http_version: 
  recorded_at: Tue, 25 Nov 2014 02:50:22 GMT
recorded_with: VCR 2.9.3
