---
http_interactions:
- request:
    method: post
    uri: "<DOCKER_HOST>/v1.15/containers/create"
    body:
      encoding: UTF-8
      string: '{"Cmd":["/bin/bash","-c","trap echo SIGTERM; while [ 1 ]; do echo hello;
        done"],"Image":"debian:wheezy"}'
    headers:
      User-Agent:
      - Swipely/Docker-API 1.15.0
      Content-Type:
      - application/json
  response:
    status:
      code: 201
      message: 
    headers:
      Content-Type:
      - application/json
      Date:
      - Mon, 01 Dec 2014 16:36:56 GMT
      Content-Length:
      - '90'
    body:
      encoding: UTF-8
      string: |
        {"Id":"138acdbd7f37d515d9fcd61353a4ffab55d60169c5fa5a5f3d8903a423f45116","Warnings":null}
    http_version: 
  recorded_at: Mon, 01 Dec 2014 16:36:56 GMT
- request:
    method: post
    uri: "<DOCKER_HOST>/v1.15/containers/138acdbd7f37d515d9fcd61353a4ffab55d60169c5fa5a5f3d8903a423f45116/start"
    body:
      encoding: UTF-8
      string: "{}"
    headers:
      User-Agent:
      - Swipely/Docker-API 1.15.0
      Content-Type:
      - application/json
  response:
    status:
      code: 204
      message: 
    headers:
      Date:
      - Mon, 01 Dec 2014 16:36:57 GMT
    body:
      encoding: UTF-8
      string: ''
    http_version: 
  recorded_at: Mon, 01 Dec 2014 16:36:57 GMT
- request:
    method: post
    uri: "<DOCKER_HOST>/v1.15/containers/138acdbd7f37d515d9fcd61353a4ffab55d60169c5fa5a5f3d8903a423f45116/kill?signal=SIGTERM"
    body:
      encoding: US-ASCII
      string: ''
    headers:
      User-Agent:
      - Swipely/Docker-API 1.15.0
      Content-Type:
      - text/plain
  response:
    status:
      code: 204
      message: 
    headers:
      Date:
      - Mon, 01 Dec 2014 16:36:57 GMT
    body:
      encoding: UTF-8
      string: ''
    http_version: 
  recorded_at: Mon, 01 Dec 2014 16:36:57 GMT
- request:
    method: get
    uri: "<DOCKER_HOST>/v1.15/containers/json"
    body:
      encoding: US-ASCII
      string: ''
    headers:
      User-Agent:
      - Swipely/Docker-API 1.15.0
      Content-Type:
      - text/plain
  response:
    status:
      code: 200
      message: 
    headers:
      Content-Type:
      - application/json
      Date:
      - Mon, 01 Dec 2014 16:36:57 GMT
      Content-Length:
      - '1358'
    body:
      encoding: UTF-8
      string: |-
        [{"Command":"/bin/bash -c 'trap echo SIGTERM; while [ 1 ]; do echo hello; done'","Created":1417451816,"Id":"138acdbd7f37d515d9fcd61353a4ffab55d60169c5fa5a5f3d8903a423f45116","Image":"debian:wheezy","Names":["/boring_pasteur"],"Ports":[],"Status":"Up Less than a second"}
        ,{"Command":"sleep 20","Created":1417451815,"Id":"e7c1e17e059856d9c9f51703e42dc650be3a835f6b02504de097c43ae752da9e","Image":"debian:wheezy","Names":["/cocky_brown"],"Ports":[],"Status":"Up 1 seconds"}
        ,{"Command":"sleep 20","Created":1417451812,"Id":"168fd203627095bed2ab4ac1c94f65c5419f99bcf3b8ef11d4f9112eb08e1ff7","Image":"debian:wheezy","Names":["/tender_fermi"],"Ports":[],"Status":"Up 4 seconds"}
        ,{"Command":"sleep 20","Created":1417451812,"Id":"9089037ec4b2da19f5b3f88a12ca515e810cdcf5995bd3263616a7e4907a7049","Image":"debian:wheezy","Names":["/thirsty_pasteur"],"Ports":[],"Status":"Up 5 seconds"}
        ,{"Command":"sleep 20","Created":1417451809,"Id":"b461a7fae8172f918aa57335f5b6c89978aa102353a36a08adaf383e2e6664ca","Image":"debian:wheezy","Names":["/thirsty_newton"],"Ports":[],"Status":"Up 7 seconds"}
        ,{"Command":"docker-registry","Created":1417451791,"Id":"ef79699b8b71dd0534e8100d1bbfc922a066dd0beb1d44a8c3b560ce98b3f257","Image":"registry:latest","Names":["/registry"],"Ports":[{"IP":"0.0.0.0","PrivatePort":5000,"PublicPort":5000,"Type":"tcp"}],"Status":"Up 25 seconds"}
        ]
    http_version: 
  recorded_at: Mon, 01 Dec 2014 16:36:57 GMT
- request:
    method: get
    uri: "<DOCKER_HOST>/v1.15/containers/json?all=true"
    body:
      encoding: US-ASCII
      string: ''
    headers:
      User-Agent:
      - Swipely/Docker-API 1.15.0
      Content-Type:
      - text/plain
  response:
    status:
      code: 200
      message: 
    headers:
      Content-Type:
      - application/json
      Date:
      - Mon, 01 Dec 2014 16:36:57 GMT
      Content-Length:
      - '1358'
    body:
      encoding: UTF-8
      string: |-
        [{"Command":"/bin/bash -c 'trap echo SIGTERM; while [ 1 ]; do echo hello; done'","Created":1417451816,"Id":"138acdbd7f37d515d9fcd61353a4ffab55d60169c5fa5a5f3d8903a423f45116","Image":"debian:wheezy","Names":["/boring_pasteur"],"Ports":[],"Status":"Up Less than a second"}
        ,{"Command":"sleep 20","Created":1417451815,"Id":"e7c1e17e059856d9c9f51703e42dc650be3a835f6b02504de097c43ae752da9e","Image":"debian:wheezy","Names":["/cocky_brown"],"Ports":[],"Status":"Up 1 seconds"}
        ,{"Command":"sleep 20","Created":1417451812,"Id":"168fd203627095bed2ab4ac1c94f65c5419f99bcf3b8ef11d4f9112eb08e1ff7","Image":"debian:wheezy","Names":["/tender_fermi"],"Ports":[],"Status":"Up 4 seconds"}
        ,{"Command":"sleep 20","Created":1417451812,"Id":"9089037ec4b2da19f5b3f88a12ca515e810cdcf5995bd3263616a7e4907a7049","Image":"debian:wheezy","Names":["/thirsty_pasteur"],"Ports":[],"Status":"Up 5 seconds"}
        ,{"Command":"sleep 20","Created":1417451809,"Id":"b461a7fae8172f918aa57335f5b6c89978aa102353a36a08adaf383e2e6664ca","Image":"debian:wheezy","Names":["/thirsty_newton"],"Ports":[],"Status":"Up 8 seconds"}
        ,{"Command":"docker-registry","Created":1417451791,"Id":"ef79699b8b71dd0534e8100d1bbfc922a066dd0beb1d44a8c3b560ce98b3f257","Image":"registry:latest","Names":["/registry"],"Ports":[{"IP":"0.0.0.0","PrivatePort":5000,"PublicPort":5000,"Type":"tcp"}],"Status":"Up 25 seconds"}
        ]
    http_version: 
  recorded_at: Mon, 01 Dec 2014 16:36:57 GMT
- request:
    method: post
    uri: "<DOCKER_HOST>/v1.15/containers/138acdbd7f37d515d9fcd61353a4ffab55d60169c5fa5a5f3d8903a423f45116/kill?signal=SIGKILL"
    body:
      encoding: US-ASCII
      string: ''
    headers:
      User-Agent:
      - Swipely/Docker-API 1.15.0
      Content-Type:
      - text/plain
  response:
    status:
      code: 204
      message: 
    headers:
      Date:
      - Mon, 01 Dec 2014 16:36:58 GMT
    body:
      encoding: UTF-8
      string: ''
    http_version: 
  recorded_at: Mon, 01 Dec 2014 16:36:58 GMT
- request:
    method: get
    uri: "<DOCKER_HOST>/v1.15/containers/json"
    body:
      encoding: US-ASCII
      string: ''
    headers:
      User-Agent:
      - Swipely/Docker-API 1.15.0
      Content-Type:
      - text/plain
  response:
    status:
      code: 200
      message: 
    headers:
      Content-Type:
      - application/json
      Date:
      - Mon, 01 Dec 2014 16:36:58 GMT
      Content-Length:
      - '1087'
    body:
      encoding: UTF-8
      string: |-
        [{"Command":"sleep 20","Created":1417451815,"Id":"e7c1e17e059856d9c9f51703e42dc650be3a835f6b02504de097c43ae752da9e","Image":"debian:wheezy","Names":["/cocky_brown"],"Ports":[],"Status":"Up 2 seconds"}
        ,{"Command":"sleep 20","Created":1417451812,"Id":"168fd203627095bed2ab4ac1c94f65c5419f99bcf3b8ef11d4f9112eb08e1ff7","Image":"debian:wheezy","Names":["/tender_fermi"],"Ports":[],"Status":"Up 5 seconds"}
        ,{"Command":"sleep 20","Created":1417451812,"Id":"9089037ec4b2da19f5b3f88a12ca515e810cdcf5995bd3263616a7e4907a7049","Image":"debian:wheezy","Names":["/thirsty_pasteur"],"Ports":[],"Status":"Up 5 seconds"}
        ,{"Command":"sleep 20","Created":1417451809,"Id":"b461a7fae8172f918aa57335f5b6c89978aa102353a36a08adaf383e2e6664ca","Image":"debian:wheezy","Names":["/thirsty_newton"],"Ports":[],"Status":"Up 8 seconds"}
        ,{"Command":"docker-registry","Created":1417451791,"Id":"ef79699b8b71dd0534e8100d1bbfc922a066dd0beb1d44a8c3b560ce98b3f257","Image":"registry:latest","Names":["/registry"],"Ports":[{"IP":"0.0.0.0","PrivatePort":5000,"PublicPort":5000,"Type":"tcp"}],"Status":"Up 25 seconds"}
        ]
    http_version: 
  recorded_at: Mon, 01 Dec 2014 16:36:58 GMT
- request:
    method: get
    uri: "<DOCKER_HOST>/v1.15/containers/json?all=true"
    body:
      encoding: US-ASCII
      string: ''
    headers:
      User-Agent:
      - Swipely/Docker-API 1.15.0
      Content-Type:
      - text/plain
  response:
    status:
      code: 200
      message: 
    headers:
      Content-Type:
      - application/json
      Date:
      - Mon, 01 Dec 2014 16:36:58 GMT
      Content-Length:
      - '1371'
    body:
      encoding: UTF-8
      string: |-
        [{"Command":"/bin/bash -c 'trap echo SIGTERM; while [ 1 ]; do echo hello; done'","Created":1417451816,"Id":"138acdbd7f37d515d9fcd61353a4ffab55d60169c5fa5a5f3d8903a423f45116","Image":"debian:wheezy","Names":["/boring_pasteur"],"Ports":[],"Status":"Exited (-1) Less than a second ago"}
        ,{"Command":"sleep 20","Created":1417451815,"Id":"e7c1e17e059856d9c9f51703e42dc650be3a835f6b02504de097c43ae752da9e","Image":"debian:wheezy","Names":["/cocky_brown"],"Ports":[],"Status":"Up 2 seconds"}
        ,{"Command":"sleep 20","Created":1417451812,"Id":"168fd203627095bed2ab4ac1c94f65c5419f99bcf3b8ef11d4f9112eb08e1ff7","Image":"debian:wheezy","Names":["/tender_fermi"],"Ports":[],"Status":"Up 5 seconds"}
        ,{"Command":"sleep 20","Created":1417451812,"Id":"9089037ec4b2da19f5b3f88a12ca515e810cdcf5995bd3263616a7e4907a7049","Image":"debian:wheezy","Names":["/thirsty_pasteur"],"Ports":[],"Status":"Up 5 seconds"}
        ,{"Command":"sleep 20","Created":1417451809,"Id":"b461a7fae8172f918aa57335f5b6c89978aa102353a36a08adaf383e2e6664ca","Image":"debian:wheezy","Names":["/thirsty_newton"],"Ports":[],"Status":"Up 8 seconds"}
        ,{"Command":"docker-registry","Created":1417451791,"Id":"ef79699b8b71dd0534e8100d1bbfc922a066dd0beb1d44a8c3b560ce98b3f257","Image":"registry:latest","Names":["/registry"],"Ports":[{"IP":"0.0.0.0","PrivatePort":5000,"PublicPort":5000,"Type":"tcp"}],"Status":"Up 25 seconds"}
        ]
    http_version: 
  recorded_at: Mon, 01 Dec 2014 16:36:58 GMT
- request:
    method: delete
    uri: "<DOCKER_HOST>/v1.15/containers/138acdbd7f37d515d9fcd61353a4ffab55d60169c5fa5a5f3d8903a423f45116"
    body:
      encoding: US-ASCII
      string: ''
    headers:
      User-Agent:
      - Swipely/Docker-API 1.15.0
      Content-Type:
      - text/plain
  response:
    status:
      code: 204
      message: 
    headers:
      Date:
      - Mon, 01 Dec 2014 16:36:58 GMT
    body:
      encoding: UTF-8
      string: ''
    http_version: 
  recorded_at: Mon, 01 Dec 2014 16:36:58 GMT
recorded_with: VCR 2.9.3
