---
http_interactions:
- request:
    method: post
    uri: "<DOCKER_HOST>/v1.16/containers/create"
    body:
      encoding: UTF-8
      string: '{"Cmd":["/bin/bash","-c","trap echo SIGTERM; while [ 1 ]; do echo hello;
        done"],"Image":"debian:wheezy"}'
    headers:
      User-Agent:
      - Swipely/Docker-API 1.23.0
      Content-Type:
      - application/json
  response:
    status:
      code: 201
      message: 
    headers:
      Content-Type:
      - application/json
      Server:
      - Docker/1.9.0 (linux)
      Date:
      - Sun, 22 Nov 2015 04:14:09 GMT
      Content-Length:
      - '90'
    body:
      encoding: UTF-8
      string: |
        {"Id":"20c8daf6a34e1b445930c807d449217b8a3e214a813fa64c1957ef2cad72ee3f","Warnings":null}
    http_version: 
  recorded_at: Sun, 22 Nov 2015 04:14:09 GMT
- request:
    method: post
    uri: "<DOCKER_HOST>/v1.16/containers/20c8daf6a34e1b445930c807d449217b8a3e214a813fa64c1957ef2cad72ee3f/start"
    body:
      encoding: UTF-8
      string: "{}"
    headers:
      User-Agent:
      - Swipely/Docker-API 1.23.0
      Content-Type:
      - application/json
  response:
    status:
      code: 204
      message: 
    headers:
      Server:
      - Docker/1.9.0 (linux)
      Date:
      - Sun, 22 Nov 2015 04:14:09 GMT
    body:
      encoding: UTF-8
      string: ''
    http_version: 
  recorded_at: Sun, 22 Nov 2015 04:14:09 GMT
- request:
    method: post
    uri: "<DOCKER_HOST>/v1.16/containers/20c8daf6a34e1b445930c807d449217b8a3e214a813fa64c1957ef2cad72ee3f/kill?signal=SIGTERM"
    body:
      encoding: US-ASCII
      string: ''
    headers:
      User-Agent:
      - Swipely/Docker-API 1.23.0
      Content-Type:
      - text/plain
  response:
    status:
      code: 204
      message: 
    headers:
      Server:
      - Docker/1.9.0 (linux)
      Date:
      - Sun, 22 Nov 2015 04:14:09 GMT
    body:
      encoding: UTF-8
      string: ''
    http_version: 
  recorded_at: Sun, 22 Nov 2015 04:14:09 GMT
- request:
    method: get
    uri: "<DOCKER_HOST>/v1.16/containers/json"
    body:
      encoding: US-ASCII
      string: ''
    headers:
      User-Agent:
      - Swipely/Docker-API 1.23.0
      Content-Type:
      - text/plain
  response:
    status:
      code: 200
      message: 
    headers:
      Content-Type:
      - application/json
      Server:
      - Docker/1.9.0 (linux)
      Date:
      - Sun, 22 Nov 2015 04:14:09 GMT
      Content-Length:
      - '793'
    body:
      encoding: UTF-8
      string: |
        [{"Id":"20c8daf6a34e1b445930c807d449217b8a3e214a813fa64c1957ef2cad72ee3f","Names":["/lonely_darwin"],"Image":"debian:wheezy","ImageID":"b4c4e8b590a7f35f98b73b02f8f1db4850f907619770fd09ed3d489e671f7f38","Command":"/bin/bash -c 'trap echo SIGTERM; while [ 1 ]; do echo hello; done'","Created":1448165649,"Ports":[],"Labels":{},"Status":"Up Less than a second","HostConfig":{"NetworkMode":"default"}},{"Id":"c9a603648f0ac1796886b298a1249403f027f8496b0ae834f7612ad4437ed462","Names":["/registry"],"Image":"registry","ImageID":"b775c10f62fcf1a8f2a44b965ad8c247cb65356a98d61613e29b649e7e7808df","Command":"docker-registry","Created":1448165616,"Ports":[{"IP":"0.0.0.0","PrivatePort":5000,"PublicPort":5000,"Type":"tcp"}],"Labels":{},"Status":"Up 33 seconds","HostConfig":{"NetworkMode":"default"}}]
    http_version: 
  recorded_at: Sun, 22 Nov 2015 04:14:09 GMT
- request:
    method: get
    uri: "<DOCKER_HOST>/v1.16/containers/json?all=true"
    body:
      encoding: US-ASCII
      string: ''
    headers:
      User-Agent:
      - Swipely/Docker-API 1.23.0
      Content-Type:
      - text/plain
  response:
    status:
      code: 200
      message: 
    headers:
      Content-Type:
      - application/json
      Server:
      - Docker/1.9.0 (linux)
      Date:
      - Sun, 22 Nov 2015 04:14:09 GMT
      Content-Length:
      - '793'
    body:
      encoding: UTF-8
      string: |
        [{"Id":"20c8daf6a34e1b445930c807d449217b8a3e214a813fa64c1957ef2cad72ee3f","Names":["/lonely_darwin"],"Image":"debian:wheezy","ImageID":"b4c4e8b590a7f35f98b73b02f8f1db4850f907619770fd09ed3d489e671f7f38","Command":"/bin/bash -c 'trap echo SIGTERM; while [ 1 ]; do echo hello; done'","Created":1448165649,"Ports":[],"Labels":{},"Status":"Up Less than a second","HostConfig":{"NetworkMode":"default"}},{"Id":"c9a603648f0ac1796886b298a1249403f027f8496b0ae834f7612ad4437ed462","Names":["/registry"],"Image":"registry","ImageID":"b775c10f62fcf1a8f2a44b965ad8c247cb65356a98d61613e29b649e7e7808df","Command":"docker-registry","Created":1448165616,"Ports":[{"IP":"0.0.0.0","PrivatePort":5000,"PublicPort":5000,"Type":"tcp"}],"Labels":{},"Status":"Up 33 seconds","HostConfig":{"NetworkMode":"default"}}]
    http_version: 
  recorded_at: Sun, 22 Nov 2015 04:14:09 GMT
- request:
    method: post
    uri: "<DOCKER_HOST>/v1.16/containers/20c8daf6a34e1b445930c807d449217b8a3e214a813fa64c1957ef2cad72ee3f/kill?signal=SIGKILL"
    body:
      encoding: US-ASCII
      string: ''
    headers:
      User-Agent:
      - Swipely/Docker-API 1.23.0
      Content-Type:
      - text/plain
  response:
    status:
      code: 204
      message: 
    headers:
      Server:
      - Docker/1.9.0 (linux)
      Date:
      - Sun, 22 Nov 2015 04:14:10 GMT
    body:
      encoding: UTF-8
      string: ''
    http_version: 
  recorded_at: Sun, 22 Nov 2015 04:14:10 GMT
- request:
    method: get
    uri: "<DOCKER_HOST>/v1.16/containers/json"
    body:
      encoding: US-ASCII
      string: ''
    headers:
      User-Agent:
      - Swipely/Docker-API 1.23.0
      Content-Type:
      - text/plain
  response:
    status:
      code: 200
      message: 
    headers:
      Content-Type:
      - application/json
      Server:
      - Docker/1.9.0 (linux)
      Date:
      - Sun, 22 Nov 2015 04:14:10 GMT
      Content-Length:
      - '396'
    body:
      encoding: UTF-8
      string: |
        [{"Id":"c9a603648f0ac1796886b298a1249403f027f8496b0ae834f7612ad4437ed462","Names":["/registry"],"Image":"registry","ImageID":"b775c10f62fcf1a8f2a44b965ad8c247cb65356a98d61613e29b649e7e7808df","Command":"docker-registry","Created":1448165616,"Ports":[{"IP":"0.0.0.0","PrivatePort":5000,"PublicPort":5000,"Type":"tcp"}],"Labels":{},"Status":"Up 33 seconds","HostConfig":{"NetworkMode":"default"}}]
    http_version: 
  recorded_at: Sun, 22 Nov 2015 04:14:10 GMT
- request:
    method: get
    uri: "<DOCKER_HOST>/v1.16/containers/json?all=true"
    body:
      encoding: US-ASCII
      string: ''
    headers:
      User-Agent:
      - Swipely/Docker-API 1.23.0
      Content-Type:
      - text/plain
  response:
    status:
      code: 200
      message: 
    headers:
      Content-Type:
      - application/json
      Server:
      - Docker/1.9.0 (linux)
      Date:
      - Sun, 22 Nov 2015 04:14:10 GMT
      Content-Length:
      - '807'
    body:
      encoding: UTF-8
      string: |
        [{"Id":"20c8daf6a34e1b445930c807d449217b8a3e214a813fa64c1957ef2cad72ee3f","Names":["/lonely_darwin"],"Image":"debian:wheezy","ImageID":"b4c4e8b590a7f35f98b73b02f8f1db4850f907619770fd09ed3d489e671f7f38","Command":"/bin/bash -c 'trap echo SIGTERM; while [ 1 ]; do echo hello; done'","Created":1448165649,"Ports":[],"Labels":{},"Status":"Exited (137) Less than a second ago","HostConfig":{"NetworkMode":"default"}},{"Id":"c9a603648f0ac1796886b298a1249403f027f8496b0ae834f7612ad4437ed462","Names":["/registry"],"Image":"registry","ImageID":"b775c10f62fcf1a8f2a44b965ad8c247cb65356a98d61613e29b649e7e7808df","Command":"docker-registry","Created":1448165616,"Ports":[{"IP":"0.0.0.0","PrivatePort":5000,"PublicPort":5000,"Type":"tcp"}],"Labels":{},"Status":"Up 33 seconds","HostConfig":{"NetworkMode":"default"}}]
    http_version: 
  recorded_at: Sun, 22 Nov 2015 04:14:10 GMT
- request:
    method: delete
    uri: "<DOCKER_HOST>/v1.16/containers/20c8daf6a34e1b445930c807d449217b8a3e214a813fa64c1957ef2cad72ee3f"
    body:
      encoding: US-ASCII
      string: ''
    headers:
      User-Agent:
      - Swipely/Docker-API 1.23.0
      Content-Type:
      - text/plain
  response:
    status:
      code: 204
      message: 
    headers:
      Server:
      - Docker/1.9.0 (linux)
      Date:
      - Sun, 22 Nov 2015 04:14:10 GMT
    body:
      encoding: UTF-8
      string: ''
    http_version: 
  recorded_at: Sun, 22 Nov 2015 04:14:10 GMT
recorded_with: VCR 2.9.2
