---
http_interactions:
- request:
    method: post
    uri: https://192.168.59.103:2376/v1.15/containers/create
    body:
      encoding: UTF-8
      string: '{"Cmd":"echo hello","Image":"debian:wheezy"}'
    headers:
      User-Agent:
      - Swipely/Docker-API 1.15.0
      Content-Type:
      - application/json
  response:
    status:
      code: 201
      message: 
    headers:
      Content-Type:
      - application/json
      Date:
      - Wed, 26 Nov 2014 18:52:43 GMT
      Content-Length:
      - '90'
    body:
      encoding: UTF-8
      string: |
        {"Id":"ed3cdfa3d00b64f89b67db1547b89160862a4e9bb431c4fb286fadc07581b930","Warnings":null}
    http_version: 
  recorded_at: Wed, 26 Nov 2014 18:52:43 GMT
- request:
    method: get
    uri: https://192.168.59.103:2376/v1.15/containers/ed3cdfa3d00b64f89b67db1547b89160862a4e9bb431c4fb286fadc07581b930/logs
    body:
      encoding: US-ASCII
      string: ''
    headers:
      User-Agent:
      - Swipely/Docker-API 1.15.0
      Content-Type:
      - text/plain
  response:
    status:
      code: 400
      message: 
    headers:
      Content-Type:
      - text/plain; charset=utf-8
      Date:
      - Wed, 26 Nov 2014 18:52:43 GMT
      Content-Length:
      - '52'
    body:
      encoding: UTF-8
      string: |
        Bad parameters: you must choose at least one stream
    http_version: 
  recorded_at: Wed, 26 Nov 2014 18:52:43 GMT
- request:
    method: get
    uri: https://192.168.59.103:2376/v1.15/containers/ed3cdfa3d00b64f89b67db1547b89160862a4e9bb431c4fb286fadc07581b930/logs
    body:
      encoding: US-ASCII
      string: ''
    headers:
      User-Agent:
      - Swipely/Docker-API 1.15.0
      Content-Type:
      - text/plain
  response:
    status:
      code: 400
      message: 
    headers:
      Content-Type:
      - text/plain; charset=utf-8
      Date:
      - Wed, 26 Nov 2014 18:52:43 GMT
      Content-Length:
      - '52'
    body:
      encoding: UTF-8
      string: |
        Bad parameters: you must choose at least one stream
    http_version: 
  recorded_at: Wed, 26 Nov 2014 18:52:43 GMT
- request:
    method: get
    uri: https://192.168.59.103:2376/v1.15/containers/ed3cdfa3d00b64f89b67db1547b89160862a4e9bb431c4fb286fadc07581b930/logs
    body:
      encoding: US-ASCII
      string: ''
    headers:
      User-Agent:
      - Swipely/Docker-API 1.15.0
      Content-Type:
      - text/plain
  response:
    status:
      code: 400
      message: 
    headers:
      Content-Type:
      - text/plain; charset=utf-8
      Date:
      - Wed, 26 Nov 2014 18:52:43 GMT
      Content-Length:
      - '52'
    body:
      encoding: UTF-8
      string: |
        Bad parameters: you must choose at least one stream
    http_version: 
  recorded_at: Wed, 26 Nov 2014 18:52:43 GMT
- request:
    method: get
    uri: https://192.168.59.103:2376/v1.15/containers/ed3cdfa3d00b64f89b67db1547b89160862a4e9bb431c4fb286fadc07581b930/logs
    body:
      encoding: US-ASCII
      string: ''
    headers:
      User-Agent:
      - Swipely/Docker-API 1.15.0
      Content-Type:
      - text/plain
  response:
    status:
      code: 400
      message: 
    headers:
      Content-Type:
      - text/plain; charset=utf-8
      Date:
      - Wed, 26 Nov 2014 18:52:43 GMT
      Content-Length:
      - '52'
    body:
      encoding: UTF-8
      string: |
        Bad parameters: you must choose at least one stream
    http_version: 
  recorded_at: Wed, 26 Nov 2014 18:52:43 GMT
- request:
    method: delete
    uri: https://192.168.59.103:2376/v1.15/containers/ed3cdfa3d00b64f89b67db1547b89160862a4e9bb431c4fb286fadc07581b930
    body:
      encoding: US-ASCII
      string: ''
    headers:
      User-Agent:
      - Swipely/Docker-API 1.15.0
      Content-Type:
      - text/plain
  response:
    status:
      code: 204
      message: 
    headers:
      Date:
      - Wed, 26 Nov 2014 18:52:43 GMT
    body:
      encoding: UTF-8
      string: ''
    http_version: 
  recorded_at: Wed, 26 Nov 2014 18:52:43 GMT
recorded_with: VCR 2.9.3
