---
http_interactions:
- request:
    method: post
    uri: https://192.168.59.103:2376/v1.15/containers/create
    body:
      encoding: UTF-8
      string: '{"Cmd":["test","-d","/foo"],"Image":"debian:wheezy","Volumes":{"/foo":{}}}'
    headers:
      User-Agent:
      - Swipely/Docker-API 1.15.0
      Content-Type:
      - application/json
  response:
    status:
      code: 201
      message: 
    headers:
      Content-Type:
      - application/json
      Date:
      - Wed, 26 Nov 2014 18:52:58 GMT
      Content-Length:
      - '90'
    body:
      encoding: UTF-8
      string: |
        {"Id":"21acafea5ba4dcb2c6ee9554d1c79f0c47f647abf7af9b4c16cdf0d382cd14f6","Warnings":null}
    http_version: 
  recorded_at: Wed, 26 Nov 2014 18:52:58 GMT
- request:
    method: post
    uri: https://192.168.59.103:2376/v1.15/containers/21acafea5ba4dcb2c6ee9554d1c79f0c47f647abf7af9b4c16cdf0d382cd14f6/start
    body:
      encoding: UTF-8
      string: '{"Binds":["/tmp:/foo"]}'
    headers:
      User-Agent:
      - Swipely/Docker-API 1.15.0
      Content-Type:
      - application/json
  response:
    status:
      code: 204
      message: 
    headers:
      Date:
      - Wed, 26 Nov 2014 18:52:59 GMT
    body:
      encoding: UTF-8
      string: ''
    http_version: 
  recorded_at: Wed, 26 Nov 2014 18:52:58 GMT
- request:
    method: get
    uri: https://192.168.59.103:2376/v1.15/containers/json
    body:
      encoding: US-ASCII
      string: ''
    headers:
      User-Agent:
      - Swipely/Docker-API 1.15.0
      Content-Type:
      - text/plain
  response:
    status:
      code: 200
      message: 
    headers:
      Content-Type:
      - application/json
      Date:
      - Wed, 26 Nov 2014 18:52:59 GMT
      Content-Length:
      - '699'
    body:
      encoding: UTF-8
      string: |-
        [{"Command":"test -d /foo","Created":1417027978,"Id":"21acafea5ba4dcb2c6ee9554d1c79f0c47f647abf7af9b4c16cdf0d382cd14f6","Image":"debian:wheezy","Names":["/kickass_perlman"],"Ports":[],"Status":"Up Less than a second"}
        ,{"Command":"docker-registry","Created":1417027962,"Id":"8671a52dacdb687192359dc98fb37884c7e8e59b683676a8775bf5cb3a8373c5","Image":"registry:latest","Names":["/registry"],"Ports":[{"IP":"0.0.0.0","PrivatePort":5000,"PublicPort":5000,"Type":"tcp"}],"Status":"Up 16 seconds"}
        ,{"Command":"sleep 2000","Created":1417026517,"Id":"16eb39409d77c0a1e78d38d24704d4dc59630e187dc89c00e5c8b9553df8d816","Image":"debian:wheezy","Names":["/grave_hypatia"],"Ports":[],"Status":"Up 24 minutes"}
        ]
    http_version: 
  recorded_at: Wed, 26 Nov 2014 18:52:58 GMT
- request:
    method: post
    uri: https://192.168.59.103:2376/v1.15/containers/21acafea5ba4dcb2c6ee9554d1c79f0c47f647abf7af9b4c16cdf0d382cd14f6/wait
    body:
      encoding: US-ASCII
      string: ''
    headers:
      User-Agent:
      - Swipely/Docker-API 1.15.0
      Content-Type:
      - text/plain
  response:
    status:
      code: 200
      message: 
    headers:
      Content-Type:
      - application/json
      Date:
      - Wed, 26 Nov 2014 18:52:59 GMT
      Content-Length:
      - '17'
    body:
      encoding: UTF-8
      string: |
        {"StatusCode":0}
    http_version: 
  recorded_at: Wed, 26 Nov 2014 18:52:59 GMT
- request:
    method: delete
    uri: https://192.168.59.103:2376/v1.15/containers/21acafea5ba4dcb2c6ee9554d1c79f0c47f647abf7af9b4c16cdf0d382cd14f6
    body:
      encoding: US-ASCII
      string: ''
    headers:
      User-Agent:
      - Swipely/Docker-API 1.15.0
      Content-Type:
      - text/plain
  response:
    status:
      code: 204
      message: 
    headers:
      Date:
      - Wed, 26 Nov 2014 18:52:59 GMT
    body:
      encoding: UTF-8
      string: ''
    http_version: 
  recorded_at: Wed, 26 Nov 2014 18:52:59 GMT
recorded_with: VCR 2.9.3
