---
http_interactions:
- request:
    method: post
    uri: https://192.168.59.103:2376/v1.15/containers/create
    body:
      encoding: UTF-8
      string: '{"Cmd":["test","-d","/foo"],"Image":"debian:wheezy","Volumes":{"/foo":{}}}'
    headers:
      User-Agent:
      - Swipely/Docker-API 1.15.0
      Content-Type:
      - application/json
  response:
    status:
      code: 201
      message: 
    headers:
      Content-Type:
      - application/json
      Date:
      - Tue, 25 Nov 2014 02:50:34 GMT
      Content-Length:
      - '90'
    body:
      encoding: UTF-8
      string: |
        {"Id":"c44ef8e765b5ec5088c9dbeea64c1d0b06308eb8c6c698a11230873503504007","Warnings":null}
    http_version: 
  recorded_at: Tue, 25 Nov 2014 02:50:33 GMT
- request:
    method: post
    uri: https://192.168.59.103:2376/v1.15/containers/c44ef8e765b5ec5088c9dbeea64c1d0b06308eb8c6c698a11230873503504007/start
    body:
      encoding: UTF-8
      string: '{"Binds":["/tmp:/foo"]}'
    headers:
      User-Agent:
      - Swipely/Docker-API 1.15.0
      Content-Type:
      - application/json
  response:
    status:
      code: 204
      message: 
    headers:
      Date:
      - Tue, 25 Nov 2014 02:50:34 GMT
    body:
      encoding: UTF-8
      string: ''
    http_version: 
  recorded_at: Tue, 25 Nov 2014 02:50:34 GMT
- request:
    method: get
    uri: https://192.168.59.103:2376/v1.15/containers/json
    body:
      encoding: US-ASCII
      string: ''
    headers:
      User-Agent:
      - Swipely/Docker-API 1.15.0
      Content-Type:
      - text/plain
  response:
    status:
      code: 200
      message: 
    headers:
      Content-Type:
      - application/json
      Date:
      - Tue, 25 Nov 2014 02:50:34 GMT
      Content-Length:
      - '495'
    body:
      encoding: UTF-8
      string: |-
        [{"Command":"test -d /foo","Created":1416883834,"Id":"c44ef8e765b5ec5088c9dbeea64c1d0b06308eb8c6c698a11230873503504007","Image":"debian:wheezy","Names":["/elegant_engelbart"],"Ports":[],"Status":"Up Less than a second"}
        ,{"Command":"docker-registry","Created":1416883817,"Id":"4e0c3fdcfeaa7855ee832318b8e7d540f078568de30ea6287279d91f6a5e1de5","Image":"registry:latest","Names":["/registry"],"Ports":[{"IP":"0.0.0.0","PrivatePort":5000,"PublicPort":5000,"Type":"tcp"}],"Status":"Up 16 seconds"}
        ]
    http_version: 
  recorded_at: Tue, 25 Nov 2014 02:50:34 GMT
- request:
    method: post
    uri: https://192.168.59.103:2376/v1.15/containers/c44ef8e765b5ec5088c9dbeea64c1d0b06308eb8c6c698a11230873503504007/wait
    body:
      encoding: US-ASCII
      string: ''
    headers:
      User-Agent:
      - Swipely/Docker-API 1.15.0
      Content-Type:
      - text/plain
  response:
    status:
      code: 200
      message: 
    headers:
      Content-Type:
      - application/json
      Date:
      - Tue, 25 Nov 2014 02:50:34 GMT
      Content-Length:
      - '17'
    body:
      encoding: UTF-8
      string: |
        {"StatusCode":0}
    http_version: 
  recorded_at: Tue, 25 Nov 2014 02:50:34 GMT
- request:
    method: delete
    uri: https://192.168.59.103:2376/v1.15/containers/c44ef8e765b5ec5088c9dbeea64c1d0b06308eb8c6c698a11230873503504007
    body:
      encoding: US-ASCII
      string: ''
    headers:
      User-Agent:
      - Swipely/Docker-API 1.15.0
      Content-Type:
      - text/plain
  response:
    status:
      code: 204
      message: 
    headers:
      Date:
      - Tue, 25 Nov 2014 02:50:34 GMT
    body:
      encoding: UTF-8
      string: ''
    http_version: 
  recorded_at: Tue, 25 Nov 2014 02:50:34 GMT
recorded_with: VCR 2.9.3
