---
http_interactions:
- request:
    method: post
    uri: "<DOCKER_HOST>/v1.15/containers/create"
    body:
      encoding: UTF-8
      string: '{"Cmd":["sleep","20"],"Image":"debian:wheezy"}'
    headers:
      User-Agent:
      - Swipely/Docker-API 1.15.0
      Content-Type:
      - application/json
  response:
    status:
      code: 201
      message: 
    headers:
      Content-Type:
      - application/json
      Date:
      - Mon, 01 Dec 2014 16:37:22 GMT
      Content-Length:
      - '90'
    body:
      encoding: UTF-8
      string: |
        {"Id":"31aaf8a3c2ac63256ebd13b1b6467b0f10b56914bb9ceacec0396531a5434387","Warnings":null}
    http_version: 
  recorded_at: Mon, 01 Dec 2014 16:37:22 GMT
- request:
    method: post
    uri: "<DOCKER_HOST>/v1.15/containers/31aaf8a3c2ac63256ebd13b1b6467b0f10b56914bb9ceacec0396531a5434387/start"
    body:
      encoding: UTF-8
      string: "{}"
    headers:
      User-Agent:
      - Swipely/Docker-API 1.15.0
      Content-Type:
      - application/json
  response:
    status:
      code: 204
      message: 
    headers:
      Date:
      - Mon, 01 Dec 2014 16:37:23 GMT
    body:
      encoding: UTF-8
      string: ''
    http_version: 
  recorded_at: Mon, 01 Dec 2014 16:37:23 GMT
- request:
    method: post
    uri: "<DOCKER_HOST>/v1.15/containers/31aaf8a3c2ac63256ebd13b1b6467b0f10b56914bb9ceacec0396531a5434387/exec"
    body:
      encoding: UTF-8
      string: '{"AttachStdin":true,"Tty":true,"Cmd":["/bin/bash"]}'
    headers:
      User-Agent:
      - Swipely/Docker-API 1.15.0
      Content-Type:
      - application/json
  response:
    status:
      code: 201
      message: 
    headers:
      Content-Type:
      - application/json
      Date:
      - Mon, 01 Dec 2014 16:37:23 GMT
      Content-Length:
      - '74'
    body:
      encoding: UTF-8
      string: |
        {"Id":"2bfec953d6472b4e5c5faa66435abaaa527950f8843b2b5b2a8bcadc9052f0dd"}
    http_version: 
  recorded_at: Mon, 01 Dec 2014 16:37:23 GMT
- request:
    method: post
    uri: "<DOCKER_HOST>/v1.15/exec/2bfec953d6472b4e5c5faa66435abaaa527950f8843b2b5b2a8bcadc9052f0dd/resize?h=10&w=30"
    body:
      encoding: US-ASCII
      string: ''
    headers:
      User-Agent:
      - Swipely/Docker-API 1.15.0
      Content-Type:
      - text/plain
  response:
    status:
      code: 200
      message: 
    headers:
      Date:
      - Mon, 01 Dec 2014 16:37:23 GMT
      Content-Length:
      - '0'
      Content-Type:
      - text/plain; charset=utf-8
    body:
      encoding: UTF-8
      string: ''
    http_version: 
  recorded_at: Mon, 01 Dec 2014 16:37:23 GMT
- request:
    method: post
    uri: "<DOCKER_HOST>/v1.15/containers/31aaf8a3c2ac63256ebd13b1b6467b0f10b56914bb9ceacec0396531a5434387/kill"
    body:
      encoding: US-ASCII
      string: ''
    headers:
      User-Agent:
      - Swipely/Docker-API 1.15.0
      Content-Type:
      - text/plain
  response:
    status:
      code: 204
      message: 
    headers:
      Date:
      - Mon, 01 Dec 2014 16:37:23 GMT
    body:
      encoding: UTF-8
      string: ''
    http_version: 
  recorded_at: Mon, 01 Dec 2014 16:37:23 GMT
- request:
    method: delete
    uri: "<DOCKER_HOST>/v1.15/containers/31aaf8a3c2ac63256ebd13b1b6467b0f10b56914bb9ceacec0396531a5434387"
    body:
      encoding: US-ASCII
      string: ''
    headers:
      User-Agent:
      - Swipely/Docker-API 1.15.0
      Content-Type:
      - text/plain
  response:
    status:
      code: 204
      message: 
    headers:
      Date:
      - Mon, 01 Dec 2014 16:37:24 GMT
    body:
      encoding: UTF-8
      string: ''
    http_version: 
  recorded_at: Mon, 01 Dec 2014 16:37:24 GMT
recorded_with: VCR 2.9.3
