---
http_interactions:
- request:
    method: post
    uri: https://192.168.59.103:2376/v1.15/containers/create
    body:
      encoding: UTF-8
      string: '{"Cmd":["rm","-rf","/root"],"Image":"debian:wheezy"}'
    headers:
      User-Agent:
      - Swipely/Docker-API 1.15.0
      Content-Type:
      - application/json
  response:
    status:
      code: 201
      message: 
    headers:
      Content-Type:
      - application/json
      Date:
      - Tue, 25 Nov 2014 02:50:20 GMT
      Content-Length:
      - '90'
    body:
      encoding: UTF-8
      string: |
        {"Id":"ad23fe4da2116bbb8f66dffcc8ea03ce47eb68ee3ebddb4db41d0c560c3412b8","Warnings":null}
    http_version: 
  recorded_at: Tue, 25 Nov 2014 02:50:19 GMT
- request:
    method: post
    uri: https://192.168.59.103:2376/v1.15/containers/ad23fe4da2116bbb8f66dffcc8ea03ce47eb68ee3ebddb4db41d0c560c3412b8/start
    body:
      encoding: UTF-8
      string: "{}"
    headers:
      User-Agent:
      - Swipely/Docker-API 1.15.0
      Content-Type:
      - application/json
  response:
    status:
      code: 204
      message: 
    headers:
      Date:
      - Tue, 25 Nov 2014 02:50:20 GMT
    body:
      encoding: UTF-8
      string: ''
    http_version: 
  recorded_at: Tue, 25 Nov 2014 02:50:19 GMT
- request:
    method: post
    uri: https://192.168.59.103:2376/v1.15/containers/ad23fe4da2116bbb8f66dffcc8ea03ce47eb68ee3ebddb4db41d0c560c3412b8/wait
    body:
      encoding: US-ASCII
      string: ''
    headers:
      User-Agent:
      - Swipely/Docker-API 1.15.0
      Content-Type:
      - text/plain
  response:
    status:
      code: 200
      message: 
    headers:
      Content-Type:
      - application/json
      Date:
      - Tue, 25 Nov 2014 02:50:20 GMT
      Content-Length:
      - '17'
    body:
      encoding: UTF-8
      string: |
        {"StatusCode":0}
    http_version: 
  recorded_at: Tue, 25 Nov 2014 02:50:19 GMT
- request:
    method: get
    uri: https://192.168.59.103:2376/v1.15/containers/ad23fe4da2116bbb8f66dffcc8ea03ce47eb68ee3ebddb4db41d0c560c3412b8/changes
    body:
      encoding: US-ASCII
      string: ''
    headers:
      User-Agent:
      - Swipely/Docker-API 1.15.0
      Content-Type:
      - text/plain
  response:
    status:
      code: 200
      message: 
    headers:
      Content-Type:
      - application/json
      Date:
      - Tue, 25 Nov 2014 02:50:20 GMT
      Content-Length:
      - '28'
    body:
      encoding: UTF-8
      string: |-
        [{"Kind":2,"Path":"/root"}
        ]
    http_version: 
  recorded_at: Tue, 25 Nov 2014 02:50:20 GMT
- request:
    method: post
    uri: https://192.168.59.103:2376/v1.15/containers/ad23fe4da2116bbb8f66dffcc8ea03ce47eb68ee3ebddb4db41d0c560c3412b8/wait
    body:
      encoding: US-ASCII
      string: ''
    headers:
      User-Agent:
      - Swipely/Docker-API 1.15.0
      Content-Type:
      - text/plain
  response:
    status:
      code: 200
      message: 
    headers:
      Content-Type:
      - application/json
      Date:
      - Tue, 25 Nov 2014 02:50:20 GMT
      Content-Length:
      - '17'
    body:
      encoding: UTF-8
      string: |
        {"StatusCode":0}
    http_version: 
  recorded_at: Tue, 25 Nov 2014 02:50:20 GMT
- request:
    method: delete
    uri: https://192.168.59.103:2376/v1.15/containers/ad23fe4da2116bbb8f66dffcc8ea03ce47eb68ee3ebddb4db41d0c560c3412b8
    body:
      encoding: US-ASCII
      string: ''
    headers:
      User-Agent:
      - Swipely/Docker-API 1.15.0
      Content-Type:
      - text/plain
  response:
    status:
      code: 204
      message: 
    headers:
      Date:
      - Tue, 25 Nov 2014 02:50:20 GMT
    body:
      encoding: UTF-8
      string: ''
    http_version: 
  recorded_at: Tue, 25 Nov 2014 02:50:20 GMT
recorded_with: VCR 2.9.3
