---
http_interactions:
- request:
    method: post
    uri: "<DOCKER_HOST>/v1.16/images/create?fromImage=debian%3Awheezy"
    body:
      encoding: US-ASCII
      string: ''
    headers:
      User-Agent:
      - Swipely/Docker-API 1.23.0
      Content-Type:
      - text/plain
  response:
    status:
      code: 200
      message: 
    headers:
      Content-Type:
      - application/json
      Server:
      - Docker/1.9.0 (linux)
      Date:
      - Sun, 22 Nov 2015 04:15:18 GMT
    body:
      encoding: UTF-8
      string: "{\"status\":\"Pulling from library/debian\",\"id\":\"wheezy\"}\r\n{\"status\":\"Digest:
        sha256:913916fa02a58cde97ea6dbbdd009026c7910861a243b78c151d04bc1d23f39e\"}\r\n{\"status\":\"Status:
        Image is up to date for debian:wheezy\"}\r\n"
    http_version: 
  recorded_at: Sun, 22 Nov 2015 04:15:18 GMT
- request:
    method: get
    uri: "<DOCKER_HOST>/v1.16/images/debian:wheezy/json"
    body:
      encoding: US-ASCII
      string: ''
    headers:
      User-Agent:
      - Swipely/Docker-API 1.23.0
      Content-Type:
      - text/plain
  response:
    status:
      code: 200
      message: 
    headers:
      Content-Type:
      - application/json
      Server:
      - Docker/1.9.0 (linux)
      Date:
      - Sun, 22 Nov 2015 04:15:18 GMT
      Content-Length:
      - '1232'
    body:
      encoding: UTF-8
      string: |
        {"Id":"b4c4e8b590a7f35f98b73b02f8f1db4850f907619770fd09ed3d489e671f7f38","RepoTags":["debian:wheezy"],"RepoDigests":[],"Parent":"68e42ff590bdb4cbabc81b362b48ce2b5ddfad1c5672d02a264d351cf169e736","Comment":"","Created":"2015-11-20T00:23:34.502422683Z","Container":"d62f0c2d1957f7ae5e8e2c664575d980721e02bebb1d764dc972120bfc2fd4b2","ContainerConfig":{"Hostname":"c98f3c4629d3","Domainname":"","User":"","AttachStdin":false,"AttachStdout":false,"AttachStderr":false,"Tty":false,"OpenStdin":false,"StdinOnce":false,"Env":null,"Cmd":["/bin/sh","-c","#(nop) CMD [\"/bin/bash\"]"],"Image":"b014c4494ea56a76f945ba3d69b7d42c4a3031aef94f3ab6a53b506e354829bf","Volumes":null,"WorkingDir":"","Entrypoint":null,"OnBuild":null,"Labels":null},"DockerVersion":"1.8.3","Author":"","Config":{"Hostname":"c98f3c4629d3","Domainname":"","User":"","AttachStdin":false,"AttachStdout":false,"AttachStderr":false,"Tty":false,"OpenStdin":false,"StdinOnce":false,"Env":null,"Cmd":["/bin/bash"],"Image":"b014c4494ea56a76f945ba3d69b7d42c4a3031aef94f3ab6a53b506e354829bf","Volumes":null,"WorkingDir":"","Entrypoint":null,"OnBuild":null,"Labels":null},"Architecture":"amd64","Os":"linux","Size":0,"VirtualSize":84892344,"GraphDriver":{"Name":"aufs","Data":null}}
    http_version: 
  recorded_at: Sun, 22 Nov 2015 04:15:18 GMT
- request:
    method: get
    uri: "<DOCKER_HOST>/v1.16/images/json?all=true"
    body:
      encoding: US-ASCII
      string: ''
    headers:
      User-Agent:
      - Swipely/Docker-API 1.23.0
      Content-Type:
      - text/plain
  response:
    status:
      code: 200
      message: 
    headers:
      Content-Type:
      - application/json
      Server:
      - Docker/1.9.0 (linux)
      Date:
      - Sun, 22 Nov 2015 04:15:18 GMT
    body:
      encoding: UTF-8
      string: |
        [{"Id":"b775c10f62fcf1a8f2a44b965ad8c247cb65356a98d61613e29b649e7e7808df","ParentId":"eeb53236fd20ce1842f3c1971d5da8f4b6ed9f8594034a6f7d947c4cb79dc891","RepoTags":["registry:latest"],"RepoDigests":[],"Created":1448082733,"Size":0,"VirtualSize":422898023,"Labels":{}},{"Id":"50f762f87a2facb579f4977d81e5966b707d97a73a1a185721d2ca837fabcaa7","ParentId":"0c8bd6916ed135ebdc99cbfc126d8b9b0d5b52325e0181b4cc1da189ba323727","RepoTags":["\u003cnone\u003e:\u003cnone\u003e"],"RepoDigests":["\u003cnone\u003e@\u003cnone\u003e"],"Created":1448082732,"Size":0,"VirtualSize":422898023,"Labels":{}},{"Id":"eeb53236fd20ce1842f3c1971d5da8f4b6ed9f8594034a6f7d947c4cb79dc891","ParentId":"50f762f87a2facb579f4977d81e5966b707d97a73a1a185721d2ca837fabcaa7","RepoTags":["\u003cnone\u003e:\u003cnone\u003e"],"RepoDigests":["\u003cnone\u003e@\u003cnone\u003e"],"Created":1448082732,"Size":0,"VirtualSize":422898023,"Labels":{}},{"Id":"0c8bd6916ed135ebdc99cbfc126d8b9b0d5b52325e0181b4cc1da189ba323727","ParentId":"a5aca434a0ed2902cddf535c55ea71f259faffeab33b210e3c1809b64bf7a5f9","RepoTags":["\u003cnone\u003e:\u003cnone\u003e"],"RepoDigests":["\u003cnone\u003e@\u003cnone\u003e"],"Created":1448082731,"Size":0,"VirtualSize":422898023,"Labels":{}},{"Id":"a5aca434a0ed2902cddf535c55ea71f259faffeab33b210e3c1809b64bf7a5f9","ParentId":"b8fd53ad4baeebc62b37baa04ce2b80140e7563a5ae1d4017620e7ce0c428015","RepoTags":["\u003cnone\u003e:\u003cnone\u003e"],"RepoDigests":["\u003cnone\u003e@\u003cnone\u003e"],"Created":1448082731,"Size":50796,"VirtualSize":422898023,"Labels":{}},{"Id":"b8fd53ad4baeebc62b37baa04ce2b80140e7563a5ae1d4017620e7ce0c428015","ParentId":"1bc8bedadc1cc28ad5ada43522668c31b6cd103bbff6852848c74e1eeef85364","RepoTags":["\u003cnone\u003e:\u003cnone\u003e"],"RepoDigests":["\u003cnone\u003e@\u003cnone\u003e"],"Created":1448082729,"Size":24548091,"VirtualSize":422847227,"Labels":{}},{"Id":"1bc8bedadc1cc28ad5ada43522668c31b6cd103bbff6852848c74e1eeef85364","ParentId":"d7f8688368a6e6fdd120ed3ec6b1921522216b30905ba6642e7ec472b190495d","RepoTags":["\u003cnone\u003e:\u003cnone\u003e"],"RepoDigests":["\u003cnone\u003e@\u003cnone\u003e"],"Created":1448082621,"Size":11550557,"VirtualSize":398299136,"Labels":{}},{"Id":"d7f8688368a6e6fdd120ed3ec6b1921522216b30905ba6642e7ec472b190495d","ParentId":"4a03cc51e15bc36fea20ea4bf33034eaf1bb3a6473ad52f4b83342a11ef03494","RepoTags":["\u003cnone\u003e:\u003cnone\u003e"],"RepoDigests":["\u003cnone\u003e@\u003cnone\u003e"],"Created":1448082615,"Size":73,"VirtualSize":386748579,"Labels":{}},{"Id":"4a03cc51e15bc36fea20ea4bf33034eaf1bb3a6473ad52f4b83342a11ef03494","ParentId":"76efbda47e086034f5a4001792d1b1ce6a3a1f99f5b073e88646b03e49e721f2","RepoTags":["\u003cnone\u003e:\u003cnone\u003e"],"RepoDigests":["\u003cnone\u003e@\u003cnone\u003e"],"Created":1448082614,"Size":2441438,"VirtualSize":386748506,"Labels":{}},{"Id":"eec906ce18ef008fcdba71f7a96255d198904b08c7636cb69121ba6d9fe9a466","ParentId":"","RepoTags":["swipely/base:latest"],"RepoDigests":[],"Created":1448071643,"Size":40,"VirtualSize":40,"Labels":null},{"Id":"39345a6d9d297fef072f33a54db7543600abba17627acc4888024891f7dc9581","ParentId":"03ef2855f297036ed414eb0ac7284b18c78e6af093564e22f8a7a786f45a0d4d","RepoTags":["tianon/true:latest"],"RepoDigests":[],"Created":1448060111,"Size":0,"VirtualSize":125,"Labels":null},{"Id":"03ef2855f297036ed414eb0ac7284b18c78e6af093564e22f8a7a786f45a0d4d","ParentId":"","RepoTags":["\u003cnone\u003e:\u003cnone\u003e"],"RepoDigests":["\u003cnone\u003e@\u003cnone\u003e"],"Created":1448060111,"Size":125,"VirtualSize":125,"Labels":null},{"Id":"b4c4e8b590a7f35f98b73b02f8f1db4850f907619770fd09ed3d489e671f7f38","ParentId":"68e42ff590bdb4cbabc81b362b48ce2b5ddfad1c5672d02a264d351cf169e736","RepoTags":["debian:wheezy"],"RepoDigests":[],"Created":1447979014,"Size":0,"VirtualSize":84892344,"Labels":null},{"Id":"68e42ff590bdb4cbabc81b362b48ce2b5ddfad1c5672d02a264d351cf169e736","ParentId":"","RepoTags":["\u003cnone\u003e:\u003cnone\u003e"],"RepoDigests":["\u003cnone\u003e@\u003cnone\u003e"],"Created":1447979012,"Size":84892344,"VirtualSize":84892344,"Labels":null},{"Id":"76efbda47e086034f5a4001792d1b1ce6a3a1f99f5b073e88646b03e49e721f2","ParentId":"e9ae3c220b23b699cb5e6914af806219b028c78d5cf6fed8eeca98ffaa8c9b43","RepoTags":["\u003cnone\u003e:\u003cnone\u003e"],"RepoDigests":["\u003cnone\u003e@\u003cnone\u003e"],"Created":1447239863,"Size":196387768,"VirtualSize":384307068,"Labels":{}},{"Id":"e9ae3c220b23b699cb5e6914af806219b028c78d5cf6fed8eeca98ffaa8c9b43","ParentId":"a6785352b25c7398637e5ab5a6e989b8371f5dfdf72d9a6cdb00742f262a223e","RepoTags":["\u003cnone\u003e:\u003cnone\u003e"],"RepoDigests":["\u003cnone\u003e@\u003cnone\u003e"],"Created":1447115707,"Size":0,"VirtualSize":187919300,"Labels":{}},{"Id":"a6785352b25c7398637e5ab5a6e989b8371f5dfdf72d9a6cdb00742f262a223e","ParentId":"0998bf8fb9e9a5603891f2bfc059555ea8f655c54fe0322f62ea7cb33120b445","RepoTags":["\u003cnone\u003e:\u003cnone\u003e"],"RepoDigests":["\u003cnone\u003e@\u003cnone\u003e"],"Created":1447115706,"Size":1895,"VirtualSize":187919300,"Labels":{}},{"Id":"0998bf8fb9e9a5603891f2bfc059555ea8f655c54fe0322f62ea7cb33120b445","ParentId":"0a85502c06c939d5b80c556607ddf2461df7f2018261f45ce1c625fa23ecf929","RepoTags":["\u003cnone\u003e:\u003cnone\u003e"],"RepoDigests":["\u003cnone\u003e@\u003cnone\u003e"],"Created":1447115705,"Size":194533,"VirtualSize":187917405,"Labels":{}},{"Id":"0a85502c06c939d5b80c556607ddf2461df7f2018261f45ce1c625fa23ecf929","ParentId":"","RepoTags":["\u003cnone\u003e:\u003cnone\u003e"],"RepoDigests":["\u003cnone\u003e@\u003cnone\u003e"],"Created":1447115700,"Size":187722872,"VirtualSize":187722872,"Labels":null},{"Id":"c51f86c283408d1749d066333f7acd5d33b053b003a61ff6a7b36819ddcbc7b7","ParentId":"039b63dd2cbaa10d6015ea574392530571ed8d7b174090f032211285a71881d0","RepoTags":["busybox:latest"],"RepoDigests":[],"Created":1446330175,"Size":0,"VirtualSize":1108935,"Labels":null},{"Id":"039b63dd2cbaa10d6015ea574392530571ed8d7b174090f032211285a71881d0","ParentId":"","RepoTags":["\u003cnone\u003e:\u003cnone\u003e"],"RepoDigests":["\u003cnone\u003e@\u003cnone\u003e"],"Created":1446330174,"Size":1108935,"VirtualSize":1108935,"Labels":null}]
    http_version: 
  recorded_at: Sun, 22 Nov 2015 04:15:18 GMT
recorded_with: VCR 2.9.2
